// Jest Snapshot v1, https://goo.gl/fbAQLP

exports[`src / app should match snapshot 1`] = `
<body>
  <div>
    <h1>
      0
    </h1>
    <button
      class="counterButton"
    >
      press me
    </button>
  </div>
</body>
`;
